
> innovestor-copilot@0.0.0 build
> tsc -b && vite build

[36mvite v8.0.0 [32mbuilding client environment for production...[36m[39m
[2K
transforming...Γ£ô 2514 modules transformed.
rendering chunks...
computing gzip size...
dist/index.html                                1.48 kB Γöé gzip:   0.71 kB
dist/assets/innovestor-logo-Cu2_oY9D.jpeg     56.72 kB
dist/assets/index-D1Hlij50.css                45.05 kB Γöé gzip:   8.91 kB
dist/assets/index-C9U8x_Xo.js              1,348.90 kB Γöé gzip: 377.10 kB

[32mΓ£ô built in 1.48s[39m
node.exe : [33m[plugin 
builtin:vite-reporter] 
At line:1 char:1
+ & "C:\Program 
Files\nodejs/node.exe" 
"C:\Program 
Files\nodejs/node_mo ...
+ ~~~~~~~~~~~~~~~~~~~~~~~~~~~
~~~~~~~~~~~~~~~~~~~~~~~~~~~~~
~~~~~~~~~~~~~
    + CategoryInfo           
   : NotSpecified: ([33m[p  
  lugin builtin:vite-repor   
 ter] :String) [], Remote    
Exception
    + FullyQualifiedErrorId  
   : NativeCommandError
 
(!) Some chunks are larger 
than 500 kB after 
minification. Consider:
- Using dynamic import() to 
code-split the application
- Use build.rolldownOptions.o
utput.codeSplitting to 
improve chunking: https://rol
ldown.rs/reference/OutputOpti
ons.codeSplitting
- Adjust chunk size limit 
for this warning via build.ch
unkSizeWarningLimit.[39m
